******************************************************************************
                  TI ARM Linker PC v18.12.2                    
******************************************************************************
>> Linked Wed Nov 20 13:39:12 2019

OUTPUT FILE NAME:   <Lab12_Motors.out>
ENTRY POINT SYMBOL: "_c_int00_noargs"  address: 00000e69


MEMORY CONFIGURATION

         name            origin    length      used     unused   attr    fill
----------------------  --------  ---------  --------  --------  ----  --------
  MAIN                  00000000   00040000  00000f54  0003f0ac  R  X
  INFO                  00200000   00004000  00000000  00004000  R  X
  SRAM_CODE             01000000   00010000  00000222  0000fdde  RW X
  SRAM_DATA             20000000   00010000  00000222  0000fdde  RW  


SEGMENT ALLOCATION MAP

run origin  load origin   length   init length attrs members
----------  ----------- ---------- ----------- ----- -------
00000000    00000000    00000f58   00000f58    r-x
  00000000    00000000    000000e4   000000e4    r-- .intvecs
  000000e4    000000e4    00000df8   00000df8    r-x .text
  00000edc    00000edc    00000040   00000040    r-- .const
  00000f20    00000f20    00000038   00000038    r-- .cinit
20000000    20000000    00000022   00000000    rw-
  20000000    20000000    0000001c   00000000    rw- .data
  2000001c    2000001c    00000006   00000000    rw- .bss
2000fe00    2000fe00    00000200   00000000    rw-
  2000fe00    2000fe00    00000200   00000000    rw- .stack


SECTION ALLOCATION MAP

 output                                  attributes/
section   page    origin      length       input sections
--------  ----  ----------  ----------   ----------------
.intvecs   0    00000000    000000e4     
                  00000000    000000e4     startup_msp432p401r_ccs.obj (.intvecs:retain)

.text      0    000000e4    00000df8     
                  000000e4    0000032c     system_msp432p401r.obj (.text)
                  00000410    000002c4     MotorSimple.obj (.text)
                  000006d4    00000294     FinalSolution.obj (.text)
                  00000968    000001e0     Clock.obj (.text)
                  00000b48    000000f4     LaunchPad.obj (.text)
                  00000c3c    0000009c     rtsv7M4_T_le_v4SPD16_eabi.lib : memcpy_t2.asm.obj (.text)
                  00000cd8    00000078     Bump.obj (.text)
                  00000d50    0000006c     SysTick.obj (.text)
                  00000dbc    00000068     rtsv7M4_T_le_v4SPD16_eabi.lib : copy_decompress_lzss.c.obj (.text:decompress:lzss:__TI_decompress_lzss)
                  00000e24    00000044                                   : autoinit.c.obj (.text:__TI_auto_init_nobinit_nopinit:__TI_auto_init_nobinit_nopinit)
                  00000e68    00000034                                   : boot_cortex_m.c.obj (.text:_c_int00_noargs:_c_int00_noargs)
                  00000e9c    0000001c                                   : copy_zero_init.c.obj (.text:decompress:ZI:__TI_zero_init_nomemset:__TI_zero_init_nomemset)
                  00000eb8    0000000e                                   : copy_decompress_none.c.obj (.text:decompress:none:__TI_decompress_none)
                  00000ec6    0000000e     startup_msp432p401r_ccs.obj (.text)
                  00000ed4    00000004     rtsv7M4_T_le_v4SPD16_eabi.lib : pre_init.c.obj (.text:_system_pre_init)
                  00000ed8    00000004                                   : exit.c.obj (.text:abort:abort)

.const     0    00000edc    00000040     
                  00000edc    00000020     FinalSolution.obj (.const:Mask)
                  00000efc    00000020     FinalSolution.obj (.const:Weight)

.cinit     0    00000f20    00000038     
                  00000f20    0000000d     (.cinit..data.load) [load image, compression = lzss]
                  00000f2d    00000003     --HOLE-- [fill = 0]
                  00000f30    0000000c     (__TI_handler_table)
                  00000f3c    00000004     --HOLE-- [fill = 0]
                  00000f40    00000008     (.cinit..bss.load) [load image, compression = zero_init]
                  00000f48    00000010     (__TI_cinit_table)

.init_array 
*          0    00000000    00000000     UNINITIALIZED

.binit     0    00000000    00000000     

.data      0    20000000    0000001c     UNINITIALIZED
                  20000000    00000018     Clock.obj (.data)
                  20000018    00000004     system_msp432p401r.obj (.data)

.bss       0    2000001c    00000006     UNINITIALIZED
                  2000001c    00000004     (.common:Position)
                  20000020    00000001     (.common:Data)
                  20000021    00000001     (.common:Reflectanceresult)

.stack     0    2000fe00    00000200     UNINITIALIZED
                  2000fe00    00000004     rtsv7M4_T_le_v4SPD16_eabi.lib : boot_cortex_m.c.obj (.stack)
                  2000fe04    000001fc     --HOLE--

MODULE SUMMARY

       Module                        code   ro data   rw data
       ------                        ----   -------   -------
    .\
       system_msp432p401r.obj        812    0         8      
       FinalSolution.obj             660    64        12     
       MotorSimple.obj               708    0         0      
       Clock.obj                     480    0         48     
       LaunchPad.obj                 244    0         0      
       startup_msp432p401r_ccs.obj   14     228       0      
       Bump.obj                      120    0         0      
       SysTick.obj                   108    0         0      
    +--+-----------------------------+------+---------+---------+
       Total:                        3146   292       68     
                                                             
    C:\ti\ccs910\ccs\tools\compiler\ti-cgt-arm_18.12.2.LTS\lib\rtsv7M4_T_le_v4SPD16_eabi.lib
       memcpy_t2.asm.obj             156    0         0      
       copy_decompress_lzss.c.obj    104    0         0      
       autoinit.c.obj                68     0         0      
       boot_cortex_m.c.obj           52     0         0      
       copy_zero_init.c.obj          28     0         0      
       copy_decompress_none.c.obj    14     0         0      
       exit.c.obj                    4      0         0      
       pre_init.c.obj                4      0         0      
    +--+-----------------------------+------+---------+---------+
       Total:                        430    0         0      
                                                             
       Stack:                        0      0         1024   
       Linker Generated:             0      49        0      
    +--+-----------------------------+------+---------+---------+
       Grand Total:                  3576   341       1092   


LINKER GENERATED COPY TABLES

__TI_cinit_table @ 00000f48 records: 2, size/record: 8, table size: 16
	.data: load addr=00000f20, load size=0000000d bytes, run addr=20000000, run size=0000001c bytes, compression=lzss
	.bss: load addr=00000f40, load size=00000008 bytes, run addr=2000001c, run size=00000006 bytes, compression=zero_init


LINKER GENERATED HANDLER TABLE

__TI_handler_table @ 00000f30 records: 3, size/record: 4, table size: 12
	index: 0, handler: __TI_decompress_lzss
	index: 1, handler: __TI_decompress_none
	index: 2, handler: __TI_zero_init


GLOBAL SYMBOLS: SORTED ALPHABETICALLY BY Name 

address   name                          
-------   ----                          
00000ed3  ADC14_IRQHandler              
00000ed3  AES256_IRQHandler             
00000cd9  Bump_Init                     
00000d0d  Bump_Read                     
00000ed3  BusFault_Handler              
00000ed9  C$$EXIT                       
00000ed3  COMP_E0_IRQHandler            
00000ed3  COMP_E1_IRQHandler            
20000008  CPMwait                       
00000ed3  CS_IRQHandler                 
20000000  ClockFrequency                
00000abd  Clock_Delay1ms                
00000a93  Clock_Delay1us                
00000a7f  Clock_GetFreq                 
00000969  Clock_Init48MHz               
20000014  Crystalstable                 
00000ed3  DMA_ERR_IRQHandler            
00000ed3  DMA_INT0_IRQHandler           
00000ed3  DMA_INT1_IRQHandler           
00000ed3  DMA_INT2_IRQHandler           
00000ed3  DMA_INT3_IRQHandler           
20000020  Data                          
00000ed3  DebugMon_Handler              
00000ed3  Default_Handler               
00000ed3  EUSCIA0_IRQHandler            
00000ed3  EUSCIA1_IRQHandler            
00000ed3  EUSCIA2_IRQHandler            
00000ed3  EUSCIA3_IRQHandler            
00000ed3  EUSCIB0_IRQHandler            
00000ed3  EUSCIB1_IRQHandler            
00000ed3  EUSCIB2_IRQHandler            
00000ed3  EUSCIB3_IRQHandler            
00000ed3  FLCTL_IRQHandler              
00000ed3  FPU_IRQHandler                
00000ed3  HardFault_Handler             
20000010  IFlags                        
00000b49  LaunchPad_Init                
00000bb9  LaunchPad_Input               
00000bd3  LaunchPad_LED                 
00000bf1  LaunchPad_Output              
00000edc  Mask                          
00000ed3  MemManage_Handler             
0000052d  Motor_BackwardSimple          
000004b5  Motor_ForwardSimple           
00000411  Motor_InitSimple              
0000059f  Motor_LeftSimple              
00000621  Motor_RightSimple             
00000495  Motor_StopSimple              
00000ed3  NMI_Handler                   
00000ed3  PCM_IRQHandler                
00000ed3  PORT1_IRQHandler              
00000ed3  PORT2_IRQHandler              
00000ed3  PORT3_IRQHandler              
00000ed3  PORT4_IRQHandler              
00000ed3  PORT5_IRQHandler              
00000ed3  PORT6_IRQHandler              
00000ed3  PSS_IRQHandler                
0000085b  Pause                         
00000ed3  PendSV_Handler                
2000001c  Position                      
2000000c  Postwait                      
20000004  Prewait                       
00000ed3  RTC_C_IRQHandler              
00000791  Reflectance_Center            
00000839  Reflectance_End               
000006d5  Reflectance_Init              
000007a3  Reflectance_Position          
00000739  Reflectance_Read              
00000809  Reflectance_Start             
20000021  Reflectanceresult             
00000ec7  Reset_Handler                 
00000ed3  SVC_Handler                   
00000ed3  SysTick_Handler               
00000d51  SysTick_Init                  
00000d61  SysTick_Wait                  
00000d87  SysTick_Wait10ms              
20000018  SystemCoreClock               
000000e5  SystemCoreClockUpdate         
00000359  SystemInit                    
00000ed3  T32_INT1_IRQHandler           
00000ed3  T32_INT2_IRQHandler           
00000ed3  T32_INTC_IRQHandler           
00000ed3  TA0_0_IRQHandler              
00000ed3  TA0_N_IRQHandler              
00000ed3  TA1_0_IRQHandler              
00000ed3  TA1_N_IRQHandler              
00000ed3  TA2_0_IRQHandler              
00000ed3  TA2_N_IRQHandler              
00000ed3  TA3_0_IRQHandler              
00000ed3  TA3_N_IRQHandler              
00000ed3  UsageFault_Handler            
4000480c  WDTCTL_SYM                    
00000ed3  WDT_A_IRQHandler              
00000efc  Weight                        
20010000  __STACK_END                   
00000200  __STACK_SIZE                  
00000f48  __TI_CINIT_Base               
00000f58  __TI_CINIT_Limit              
00000f30  __TI_Handler_Table_Base       
00000f3c  __TI_Handler_Table_Limit      
00000e25  __TI_auto_init_nobinit_nopinit
00000dbd  __TI_decompress_lzss          
00000eb9  __TI_decompress_none          
ffffffff  __TI_pprof_out_hndl           
ffffffff  __TI_prof_data_size           
ffffffff  __TI_prof_data_start          
00000000  __TI_static_base__            
00000e9d  __TI_zero_init_nomemset       
00000c3d  __aeabi_memcpy                
00000c3d  __aeabi_memcpy4               
00000c3d  __aeabi_memcpy8               
ffffffff  __binit__                     
ffffffff  __c_args__                    
UNDEFED   __mpu_init                    
2000fe00  __stack                       
00000e69  _c_int00_noargs               
UNDEFED   _system_post_cinit            
00000ed5  _system_pre_init              
00000ed9  abort                         
ffffffff  binit                         
00000a85  delay                         
00000000  interruptVectors              
0000086f  main                          
00000c3d  memcpy                        


GLOBAL SYMBOLS: SORTED BY Symbol Address 

address   name                          
-------   ----                          
00000000  __TI_static_base__            
00000000  interruptVectors              
000000e5  SystemCoreClockUpdate         
00000200  __STACK_SIZE                  
00000359  SystemInit                    
00000411  Motor_InitSimple              
00000495  Motor_StopSimple              
000004b5  Motor_ForwardSimple           
0000052d  Motor_BackwardSimple          
0000059f  Motor_LeftSimple              
00000621  Motor_RightSimple             
000006d5  Reflectance_Init              
00000739  Reflectance_Read              
00000791  Reflectance_Center            
000007a3  Reflectance_Position          
00000809  Reflectance_Start             
00000839  Reflectance_End               
0000085b  Pause                         
0000086f  main                          
00000969  Clock_Init48MHz               
00000a7f  Clock_GetFreq                 
00000a85  delay                         
00000a93  Clock_Delay1us                
00000abd  Clock_Delay1ms                
00000b49  LaunchPad_Init                
00000bb9  LaunchPad_Input               
00000bd3  LaunchPad_LED                 
00000bf1  LaunchPad_Output              
00000c3d  __aeabi_memcpy                
00000c3d  __aeabi_memcpy4               
00000c3d  __aeabi_memcpy8               
00000c3d  memcpy                        
00000cd9  Bump_Init                     
00000d0d  Bump_Read                     
00000d51  SysTick_Init                  
00000d61  SysTick_Wait                  
00000d87  SysTick_Wait10ms              
00000dbd  __TI_decompress_lzss          
00000e25  __TI_auto_init_nobinit_nopinit
00000e69  _c_int00_noargs               
00000e9d  __TI_zero_init_nomemset       
00000eb9  __TI_decompress_none          
00000ec7  Reset_Handler                 
00000ed3  ADC14_IRQHandler              
00000ed3  AES256_IRQHandler             
00000ed3  BusFault_Handler              
00000ed3  COMP_E0_IRQHandler            
00000ed3  COMP_E1_IRQHandler            
00000ed3  CS_IRQHandler                 
00000ed3  DMA_ERR_IRQHandler            
00000ed3  DMA_INT0_IRQHandler           
00000ed3  DMA_INT1_IRQHandler           
00000ed3  DMA_INT2_IRQHandler           
00000ed3  DMA_INT3_IRQHandler           
00000ed3  DebugMon_Handler              
00000ed3  Default_Handler               
00000ed3  EUSCIA0_IRQHandler            
00000ed3  EUSCIA1_IRQHandler            
00000ed3  EUSCIA2_IRQHandler            
00000ed3  EUSCIA3_IRQHandler            
00000ed3  EUSCIB0_IRQHandler            
00000ed3  EUSCIB1_IRQHandler            
00000ed3  EUSCIB2_IRQHandler            
00000ed3  EUSCIB3_IRQHandler            
00000ed3  FLCTL_IRQHandler              
00000ed3  FPU_IRQHandler                
00000ed3  HardFault_Handler             
00000ed3  MemManage_Handler             
00000ed3  NMI_Handler                   
00000ed3  PCM_IRQHandler                
00000ed3  PORT1_IRQHandler              
00000ed3  PORT2_IRQHandler              
00000ed3  PORT3_IRQHandler              
00000ed3  PORT4_IRQHandler              
00000ed3  PORT5_IRQHandler              
00000ed3  PORT6_IRQHandler              
00000ed3  PSS_IRQHandler                
00000ed3  PendSV_Handler                
00000ed3  RTC_C_IRQHandler              
00000ed3  SVC_Handler                   
00000ed3  SysTick_Handler               
00000ed3  T32_INT1_IRQHandler           
00000ed3  T32_INT2_IRQHandler           
00000ed3  T32_INTC_IRQHandler           
00000ed3  TA0_0_IRQHandler              
00000ed3  TA0_N_IRQHandler              
00000ed3  TA1_0_IRQHandler              
00000ed3  TA1_N_IRQHandler              
00000ed3  TA2_0_IRQHandler              
00000ed3  TA2_N_IRQHandler              
00000ed3  TA3_0_IRQHandler              
00000ed3  TA3_N_IRQHandler              
00000ed3  UsageFault_Handler            
00000ed3  WDT_A_IRQHandler              
00000ed5  _system_pre_init              
00000ed9  C$$EXIT                       
00000ed9  abort                         
00000edc  Mask                          
00000efc  Weight                        
00000f30  __TI_Handler_Table_Base       
00000f3c  __TI_Handler_Table_Limit      
00000f48  __TI_CINIT_Base               
00000f58  __TI_CINIT_Limit              
20000000  ClockFrequency                
20000004  Prewait                       
20000008  CPMwait                       
2000000c  Postwait                      
20000010  IFlags                        
20000014  Crystalstable                 
20000018  SystemCoreClock               
2000001c  Position                      
20000020  Data                          
20000021  Reflectanceresult             
2000fe00  __stack                       
20010000  __STACK_END                   
4000480c  WDTCTL_SYM                    
ffffffff  __TI_pprof_out_hndl           
ffffffff  __TI_prof_data_size           
ffffffff  __TI_prof_data_start          
ffffffff  __binit__                     
ffffffff  __c_args__                    
ffffffff  binit                         
UNDEFED   __mpu_init                    
UNDEFED   _system_post_cinit            

[124 symbols]
